Archive member included to satisfy reference by file (symbol)

c:/program files (x86)/atmel/studio/7.0/toolchain/avr8/avr8-gnu-toolchain/bin/../lib/gcc/avr/5.4.0/../../../../avr/lib/avrxmega4\libm.a(addsf3.o)
                              src/sun_sensor.o (__subsf3)
c:/program files (x86)/atmel/studio/7.0/toolchain/avr8/avr8-gnu-toolchain/bin/../lib/gcc/avr/5.4.0/../../../../avr/lib/avrxmega4\libm.a(addsf3x.o)
                              c:/program files (x86)/atmel/studio/7.0/toolchain/avr8/avr8-gnu-toolchain/bin/../lib/gcc/avr/5.4.0/../../../../avr/lib/avrxmega4\libm.a(addsf3.o) (__addsf3x)
c:/program files (x86)/atmel/studio/7.0/toolchain/avr8/avr8-gnu-toolchain/bin/../lib/gcc/avr/5.4.0/../../../../avr/lib/avrxmega4\libm.a(atan.o)
                              src/sun_sensor.o (atan)
c:/program files (x86)/atmel/studio/7.0/toolchain/avr8/avr8-gnu-toolchain/bin/../lib/gcc/avr/5.4.0/../../../../avr/lib/avrxmega4\libm.a(cmpsf2.o)
                              src/sun_sensor.o (__ltsf2)
c:/program files (x86)/atmel/studio/7.0/toolchain/avr8/avr8-gnu-toolchain/bin/../lib/gcc/avr/5.4.0/../../../../avr/lib/avrxmega4\libm.a(cos.o)
                              src/sun_sensor.o (cos)
c:/program files (x86)/atmel/studio/7.0/toolchain/avr8/avr8-gnu-toolchain/bin/../lib/gcc/avr/5.4.0/../../../../avr/lib/avrxmega4\libm.a(divsf3.o)
                              src/sun_sensor.o (__divsf3)
c:/program files (x86)/atmel/studio/7.0/toolchain/avr8/avr8-gnu-toolchain/bin/../lib/gcc/avr/5.4.0/../../../../avr/lib/avrxmega4\libm.a(divsf3x.o)
                              c:/program files (x86)/atmel/studio/7.0/toolchain/avr8/avr8-gnu-toolchain/bin/../lib/gcc/avr/5.4.0/../../../../avr/lib/avrxmega4\libm.a(divsf3.o) (__divsf3x)
c:/program files (x86)/atmel/studio/7.0/toolchain/avr8/avr8-gnu-toolchain/bin/../lib/gcc/avr/5.4.0/../../../../avr/lib/avrxmega4\libm.a(fixunssfsi.o)
                              src/sun_sensor.o (__fixunssfsi)
c:/program files (x86)/atmel/studio/7.0/toolchain/avr8/avr8-gnu-toolchain/bin/../lib/gcc/avr/5.4.0/../../../../avr/lib/avrxmega4\libm.a(floatsisf.o)
                              src/sun_sensor.o (__floatsisf)
c:/program files (x86)/atmel/studio/7.0/toolchain/avr8/avr8-gnu-toolchain/bin/../lib/gcc/avr/5.4.0/../../../../avr/lib/avrxmega4\libm.a(fp_cmp.o)
                              c:/program files (x86)/atmel/studio/7.0/toolchain/avr8/avr8-gnu-toolchain/bin/../lib/gcc/avr/5.4.0/../../../../avr/lib/avrxmega4\libm.a(cmpsf2.o) (__fp_cmp)
c:/program files (x86)/atmel/studio/7.0/toolchain/avr8/avr8-gnu-toolchain/bin/../lib/gcc/avr/5.4.0/../../../../avr/lib/avrxmega4\libm.a(fp_inf.o)
                              c:/program files (x86)/atmel/studio/7.0/toolchain/avr8/avr8-gnu-toolchain/bin/../lib/gcc/avr/5.4.0/../../../../avr/lib/avrxmega4\libm.a(addsf3x.o) (__fp_inf)
c:/program files (x86)/atmel/studio/7.0/toolchain/avr8/avr8-gnu-toolchain/bin/../lib/gcc/avr/5.4.0/../../../../avr/lib/avrxmega4\libm.a(fp_nan.o)
                              c:/program files (x86)/atmel/studio/7.0/toolchain/avr8/avr8-gnu-toolchain/bin/../lib/gcc/avr/5.4.0/../../../../avr/lib/avrxmega4\libm.a(addsf3x.o) (__fp_nan)
c:/program files (x86)/atmel/studio/7.0/toolchain/avr8/avr8-gnu-toolchain/bin/../lib/gcc/avr/5.4.0/../../../../avr/lib/avrxmega4\libm.a(fp_powser.o)
                              c:/program files (x86)/atmel/studio/7.0/toolchain/avr8/avr8-gnu-toolchain/bin/../lib/gcc/avr/5.4.0/../../../../avr/lib/avrxmega4\libm.a(atan.o) (__fp_powser)
c:/program files (x86)/atmel/studio/7.0/toolchain/avr8/avr8-gnu-toolchain/bin/../lib/gcc/avr/5.4.0/../../../../avr/lib/avrxmega4\libm.a(fp_pscA.o)
                              c:/program files (x86)/atmel/studio/7.0/toolchain/avr8/avr8-gnu-toolchain/bin/../lib/gcc/avr/5.4.0/../../../../avr/lib/avrxmega4\libm.a(addsf3x.o) (__fp_pscA)
c:/program files (x86)/atmel/studio/7.0/toolchain/avr8/avr8-gnu-toolchain/bin/../lib/gcc/avr/5.4.0/../../../../avr/lib/avrxmega4\libm.a(fp_pscB.o)
                              c:/program files (x86)/atmel/studio/7.0/toolchain/avr8/avr8-gnu-toolchain/bin/../lib/gcc/avr/5.4.0/../../../../avr/lib/avrxmega4\libm.a(addsf3x.o) (__fp_pscB)
c:/program files (x86)/atmel/studio/7.0/toolchain/avr8/avr8-gnu-toolchain/bin/../lib/gcc/avr/5.4.0/../../../../avr/lib/avrxmega4\libm.a(fp_rempio2.o)
                              c:/program files (x86)/atmel/studio/7.0/toolchain/avr8/avr8-gnu-toolchain/bin/../lib/gcc/avr/5.4.0/../../../../avr/lib/avrxmega4\libm.a(cos.o) (__fp_rempio2)
c:/program files (x86)/atmel/studio/7.0/toolchain/avr8/avr8-gnu-toolchain/bin/../lib/gcc/avr/5.4.0/../../../../avr/lib/avrxmega4\libm.a(fp_round.o)
                              c:/program files (x86)/atmel/studio/7.0/toolchain/avr8/avr8-gnu-toolchain/bin/../lib/gcc/avr/5.4.0/../../../../avr/lib/avrxmega4\libm.a(addsf3.o) (__fp_round)
c:/program files (x86)/atmel/studio/7.0/toolchain/avr8/avr8-gnu-toolchain/bin/../lib/gcc/avr/5.4.0/../../../../avr/lib/avrxmega4\libm.a(fp_sinus.o)
                              c:/program files (x86)/atmel/studio/7.0/toolchain/avr8/avr8-gnu-toolchain/bin/../lib/gcc/avr/5.4.0/../../../../avr/lib/avrxmega4\libm.a(cos.o) (__fp_sinus)
c:/program files (x86)/atmel/studio/7.0/toolchain/avr8/avr8-gnu-toolchain/bin/../lib/gcc/avr/5.4.0/../../../../avr/lib/avrxmega4\libm.a(fp_split3.o)
                              c:/program files (x86)/atmel/studio/7.0/toolchain/avr8/avr8-gnu-toolchain/bin/../lib/gcc/avr/5.4.0/../../../../avr/lib/avrxmega4\libm.a(addsf3x.o) (__fp_split3)
c:/program files (x86)/atmel/studio/7.0/toolchain/avr8/avr8-gnu-toolchain/bin/../lib/gcc/avr/5.4.0/../../../../avr/lib/avrxmega4\libm.a(fp_zero.o)
                              c:/program files (x86)/atmel/studio/7.0/toolchain/avr8/avr8-gnu-toolchain/bin/../lib/gcc/avr/5.4.0/../../../../avr/lib/avrxmega4\libm.a(addsf3x.o) (__fp_zero)
c:/program files (x86)/atmel/studio/7.0/toolchain/avr8/avr8-gnu-toolchain/bin/../lib/gcc/avr/5.4.0/../../../../avr/lib/avrxmega4\libm.a(gesf2.o)
                              src/sun_sensor.o (__gtsf2)
c:/program files (x86)/atmel/studio/7.0/toolchain/avr8/avr8-gnu-toolchain/bin/../lib/gcc/avr/5.4.0/../../../../avr/lib/avrxmega4\libm.a(inverse.o)
                              c:/program files (x86)/atmel/studio/7.0/toolchain/avr8/avr8-gnu-toolchain/bin/../lib/gcc/avr/5.4.0/../../../../avr/lib/avrxmega4\libm.a(atan.o) (inverse)
c:/program files (x86)/atmel/studio/7.0/toolchain/avr8/avr8-gnu-toolchain/bin/../lib/gcc/avr/5.4.0/../../../../avr/lib/avrxmega4\libm.a(mulsf3.o)
                              src/sun_sensor.o (__mulsf3)
c:/program files (x86)/atmel/studio/7.0/toolchain/avr8/avr8-gnu-toolchain/bin/../lib/gcc/avr/5.4.0/../../../../avr/lib/avrxmega4\libm.a(mulsf3x.o)
                              c:/program files (x86)/atmel/studio/7.0/toolchain/avr8/avr8-gnu-toolchain/bin/../lib/gcc/avr/5.4.0/../../../../avr/lib/avrxmega4\libm.a(atan.o) (__mulsf3x)
c:/program files (x86)/atmel/studio/7.0/toolchain/avr8/avr8-gnu-toolchain/bin/../lib/gcc/avr/5.4.0/../../../../avr/lib/avrxmega4\libm.a(round.o)
                              src/sun_sensor.o (round)
c:/program files (x86)/atmel/studio/7.0/toolchain/avr8/avr8-gnu-toolchain/bin/../lib/gcc/avr/5.4.0/../../../../avr/lib/avrxmega4\libm.a(sin.o)
                              src/sun_sensor.o (sin)
c:/program files (x86)/atmel/studio/7.0/toolchain/avr8/avr8-gnu-toolchain/bin/../lib/gcc/avr/5.4.0/../../../../avr/lib/avrxmega4\libm.a(sqrt.o)
                              src/sun_sensor.o (sqrt)
c:/program files (x86)/atmel/studio/7.0/toolchain/avr8/avr8-gnu-toolchain/bin/../lib/gcc/avr/5.4.0/../../../../avr/lib/avrxmega4\libm.a(square.o)
                              c:/program files (x86)/atmel/studio/7.0/toolchain/avr8/avr8-gnu-toolchain/bin/../lib/gcc/avr/5.4.0/../../../../avr/lib/avrxmega4\libm.a(atan.o) (square)
c:/program files (x86)/atmel/studio/7.0/toolchain/avr8/avr8-gnu-toolchain/bin/../lib/gcc/avr/5.4.0/../../../../avr/lib/avrxmega4\libm.a(fp_mintl.o)
                              c:/program files (x86)/atmel/studio/7.0/toolchain/avr8/avr8-gnu-toolchain/bin/../lib/gcc/avr/5.4.0/../../../../avr/lib/avrxmega4\libm.a(round.o) (__fp_mintl)
c:/program files (x86)/atmel/studio/7.0/toolchain/avr8/avr8-gnu-toolchain/bin/../lib/gcc/avr/5.4.0/../../../../avr/lib/avrxmega4\libm.a(fp_mpack.o)
                              c:/program files (x86)/atmel/studio/7.0/toolchain/avr8/avr8-gnu-toolchain/bin/../lib/gcc/avr/5.4.0/../../../../avr/lib/avrxmega4\libm.a(round.o) (__fp_mpack)
c:/program files (x86)/atmel/studio/7.0/toolchain/avr8/avr8-gnu-toolchain/bin/../lib/gcc/avr/5.4.0/../../../../avr/lib/avrxmega4\libm.a(fp_norm2.o)
                              c:/program files (x86)/atmel/studio/7.0/toolchain/avr8/avr8-gnu-toolchain/bin/../lib/gcc/avr/5.4.0/../../../../avr/lib/avrxmega4\libm.a(sqrt.o) (__fp_norm2)
c:/program files (x86)/atmel/studio/7.0/toolchain/avr8/avr8-gnu-toolchain/bin/../lib/gcc/avr/5.4.0/../../../../avr/lib/avrxmega4\libm.a(fp_powsodd.o)
                              c:/program files (x86)/atmel/studio/7.0/toolchain/avr8/avr8-gnu-toolchain/bin/../lib/gcc/avr/5.4.0/../../../../avr/lib/avrxmega4\libm.a(fp_sinus.o) (__fp_powsodd)
c:/program files (x86)/atmel/studio/7.0/toolchain/avr8/avr8-gnu-toolchain/bin/../lib/gcc/avr/5.4.0/avrxmega4\libgcc.a(_udivmodqi4.o)
                              src/I2C_slave.o (__udivmodqi4)
c:/program files (x86)/atmel/studio/7.0/toolchain/avr8/avr8-gnu-toolchain/bin/../lib/gcc/avr/5.4.0/avrxmega4\libgcc.a(_exit.o)
                              C:/Program Files (x86)/Atmel/Studio/7.0/Packs/Atmel/AVR-Dx_DFP/1.6.76/gcc/dev/avr128db48/avrxmega4/crtavr128db48.o (exit)
c:/program files (x86)/atmel/studio/7.0/toolchain/avr8/avr8-gnu-toolchain/bin/../lib/gcc/avr/5.4.0/avrxmega4\libgcc.a(_clear_bss.o)
                              main.o (__do_clear_bss)

Allocating common symbols
Common symbol       size              file

D                   0x4               main.o
I2C_isFirstByte     0x1               main.o
x                   0x4               main.o
n                   0x1               main.o
A                   0x4               main.o
I2C_data            0x6               main.o
angles              0x4               main.o
phi                 0x4               main.o
slaveAddress        0x1               main.o
B                   0x4               main.o
r                   0x4               main.o
theta               0x4               main.o
I2C_data_size       0x1               main.o
C                   0x4               main.o
ADC_values          0x8               main.o
y                   0x4               main.o
R_vect              0x6               main.o
I2C_byte_counter    0x1               main.o
h                   0x4               main.o
cmd                 0x1               main.o

Discarded input sections

 .data          0x00000000        0x0 C:/Program Files (x86)/Atmel/Studio/7.0/Packs/Atmel/AVR-Dx_DFP/1.6.76/gcc/dev/avr128db48/avrxmega4/crtavr128db48.o
 .bss           0x00000000        0x0 C:/Program Files (x86)/Atmel/Studio/7.0/Packs/Atmel/AVR-Dx_DFP/1.6.76/gcc/dev/avr128db48/avrxmega4/crtavr128db48.o
 .text          0x00000000        0x0 main.o
 .data          0x00000000        0x0 main.o
 .bss           0x00000000        0x0 main.o
 .text          0x00000000        0x0 src/ADC.o
 .data          0x00000000        0x0 src/ADC.o
 .bss           0x00000000        0x0 src/ADC.o
 .text          0x00000000        0x0 src/I2C_slave.o
 .data          0x00000000        0x0 src/I2C_slave.o
 .bss           0x00000000        0x0 src/I2C_slave.o
 .text          0x00000000        0x0 src/sun_sensor.o
 .data          0x00000000        0x0 src/sun_sensor.o
 .bss           0x00000000        0x0 src/sun_sensor.o
 .text          0x00000000        0x0 c:/program files (x86)/atmel/studio/7.0/toolchain/avr8/avr8-gnu-toolchain/bin/../lib/gcc/avr/5.4.0/../../../../avr/lib/avrxmega4\libm.a(addsf3.o)
 .data          0x00000000        0x0 c:/program files (x86)/atmel/studio/7.0/toolchain/avr8/avr8-gnu-toolchain/bin/../lib/gcc/avr/5.4.0/../../../../avr/lib/avrxmega4\libm.a(addsf3.o)
 .bss           0x00000000        0x0 c:/program files (x86)/atmel/studio/7.0/toolchain/avr8/avr8-gnu-toolchain/bin/../lib/gcc/avr/5.4.0/../../../../avr/lib/avrxmega4\libm.a(addsf3.o)
 .text          0x00000000        0x0 c:/program files (x86)/atmel/studio/7.0/toolchain/avr8/avr8-gnu-toolchain/bin/../lib/gcc/avr/5.4.0/../../../../avr/lib/avrxmega4\libm.a(addsf3x.o)
 .data          0x00000000        0x0 c:/program files (x86)/atmel/studio/7.0/toolchain/avr8/avr8-gnu-toolchain/bin/../lib/gcc/avr/5.4.0/../../../../avr/lib/avrxmega4\libm.a(addsf3x.o)
 .bss           0x00000000        0x0 c:/program files (x86)/atmel/studio/7.0/toolchain/avr8/avr8-gnu-toolchain/bin/../lib/gcc/avr/5.4.0/../../../../avr/lib/avrxmega4\libm.a(addsf3x.o)
 .text          0x00000000        0x0 c:/program files (x86)/atmel/studio/7.0/toolchain/avr8/avr8-gnu-toolchain/bin/../lib/gcc/avr/5.4.0/../../../../avr/lib/avrxmega4\libm.a(atan.o)
 .data          0x00000000        0x0 c:/program files (x86)/atmel/studio/7.0/toolchain/avr8/avr8-gnu-toolchain/bin/../lib/gcc/avr/5.4.0/../../../../avr/lib/avrxmega4\libm.a(atan.o)
 .bss           0x00000000        0x0 c:/program files (x86)/atmel/studio/7.0/toolchain/avr8/avr8-gnu-toolchain/bin/../lib/gcc/avr/5.4.0/../../../../avr/lib/avrxmega4\libm.a(atan.o)
 .text          0x00000000        0x0 c:/program files (x86)/atmel/studio/7.0/toolchain/avr8/avr8-gnu-toolchain/bin/../lib/gcc/avr/5.4.0/../../../../avr/lib/avrxmega4\libm.a(cmpsf2.o)
 .data          0x00000000        0x0 c:/program files (x86)/atmel/studio/7.0/toolchain/avr8/avr8-gnu-toolchain/bin/../lib/gcc/avr/5.4.0/../../../../avr/lib/avrxmega4\libm.a(cmpsf2.o)
 .bss           0x00000000        0x0 c:/program files (x86)/atmel/studio/7.0/toolchain/avr8/avr8-gnu-toolchain/bin/../lib/gcc/avr/5.4.0/../../../../avr/lib/avrxmega4\libm.a(cmpsf2.o)
 .text          0x00000000        0x0 c:/program files (x86)/atmel/studio/7.0/toolchain/avr8/avr8-gnu-toolchain/bin/../lib/gcc/avr/5.4.0/../../../../avr/lib/avrxmega4\libm.a(cos.o)
 .data          0x00000000        0x0 c:/program files (x86)/atmel/studio/7.0/toolchain/avr8/avr8-gnu-toolchain/bin/../lib/gcc/avr/5.4.0/../../../../avr/lib/avrxmega4\libm.a(cos.o)
 .bss           0x00000000        0x0 c:/program files (x86)/atmel/studio/7.0/toolchain/avr8/avr8-gnu-toolchain/bin/../lib/gcc/avr/5.4.0/../../../../avr/lib/avrxmega4\libm.a(cos.o)
 .text          0x00000000        0x0 c:/program files (x86)/atmel/studio/7.0/toolchain/avr8/avr8-gnu-toolchain/bin/../lib/gcc/avr/5.4.0/../../../../avr/lib/avrxmega4\libm.a(divsf3.o)
 .data          0x00000000        0x0 c:/program files (x86)/atmel/studio/7.0/toolchain/avr8/avr8-gnu-toolchain/bin/../lib/gcc/avr/5.4.0/../../../../avr/lib/avrxmega4\libm.a(divsf3.o)
 .bss           0x00000000        0x0 c:/program files (x86)/atmel/studio/7.0/toolchain/avr8/avr8-gnu-toolchain/bin/../lib/gcc/avr/5.4.0/../../../../avr/lib/avrxmega4\libm.a(divsf3.o)
 .text          0x00000000        0x0 c:/program files (x86)/atmel/studio/7.0/toolchain/avr8/avr8-gnu-toolchain/bin/../lib/gcc/avr/5.4.0/../../../../avr/lib/avrxmega4\libm.a(divsf3x.o)
 .data          0x00000000        0x0 c:/program files (x86)/atmel/studio/7.0/toolchain/avr8/avr8-gnu-toolchain/bin/../lib/gcc/avr/5.4.0/../../../../avr/lib/avrxmega4\libm.a(divsf3x.o)
 .bss           0x00000000        0x0 c:/program files (x86)/atmel/studio/7.0/toolchain/avr8/avr8-gnu-toolchain/bin/../lib/gcc/avr/5.4.0/../../../../avr/lib/avrxmega4\libm.a(divsf3x.o)
 .text          0x00000000        0x0 c:/program files (x86)/atmel/studio/7.0/toolchain/avr8/avr8-gnu-toolchain/bin/../lib/gcc/avr/5.4.0/../../../../avr/lib/avrxmega4\libm.a(fixunssfsi.o)
 .data          0x00000000        0x0 c:/program files (x86)/atmel/studio/7.0/toolchain/avr8/avr8-gnu-toolchain/bin/../lib/gcc/avr/5.4.0/../../../../avr/lib/avrxmega4\libm.a(fixunssfsi.o)
 .bss           0x00000000        0x0 c:/program files (x86)/atmel/studio/7.0/toolchain/avr8/avr8-gnu-toolchain/bin/../lib/gcc/avr/5.4.0/../../../../avr/lib/avrxmega4\libm.a(fixunssfsi.o)
 .text          0x00000000        0x0 c:/program files (x86)/atmel/studio/7.0/toolchain/avr8/avr8-gnu-toolchain/bin/../lib/gcc/avr/5.4.0/../../../../avr/lib/avrxmega4\libm.a(floatsisf.o)
 .data          0x00000000        0x0 c:/program files (x86)/atmel/studio/7.0/toolchain/avr8/avr8-gnu-toolchain/bin/../lib/gcc/avr/5.4.0/../../../../avr/lib/avrxmega4\libm.a(floatsisf.o)
 .bss           0x00000000        0x0 c:/program files (x86)/atmel/studio/7.0/toolchain/avr8/avr8-gnu-toolchain/bin/../lib/gcc/avr/5.4.0/../../../../avr/lib/avrxmega4\libm.a(floatsisf.o)
 .text          0x00000000        0x0 c:/program files (x86)/atmel/studio/7.0/toolchain/avr8/avr8-gnu-toolchain/bin/../lib/gcc/avr/5.4.0/../../../../avr/lib/avrxmega4\libm.a(fp_cmp.o)
 .data          0x00000000        0x0 c:/program files (x86)/atmel/studio/7.0/toolchain/avr8/avr8-gnu-toolchain/bin/../lib/gcc/avr/5.4.0/../../../../avr/lib/avrxmega4\libm.a(fp_cmp.o)
 .bss           0x00000000        0x0 c:/program files (x86)/atmel/studio/7.0/toolchain/avr8/avr8-gnu-toolchain/bin/../lib/gcc/avr/5.4.0/../../../../avr/lib/avrxmega4\libm.a(fp_cmp.o)
 .text          0x00000000        0x0 c:/program files (x86)/atmel/studio/7.0/toolchain/avr8/avr8-gnu-toolchain/bin/../lib/gcc/avr/5.4.0/../../../../avr/lib/avrxmega4\libm.a(fp_inf.o)
 .data          0x00000000        0x0 c:/program files (x86)/atmel/studio/7.0/toolchain/avr8/avr8-gnu-toolchain/bin/../lib/gcc/avr/5.4.0/../../../../avr/lib/avrxmega4\libm.a(fp_inf.o)
 .bss           0x00000000        0x0 c:/program files (x86)/atmel/studio/7.0/toolchain/avr8/avr8-gnu-toolchain/bin/../lib/gcc/avr/5.4.0/../../../../avr/lib/avrxmega4\libm.a(fp_inf.o)
 .text          0x00000000        0x0 c:/program files (x86)/atmel/studio/7.0/toolchain/avr8/avr8-gnu-toolchain/bin/../lib/gcc/avr/5.4.0/../../../../avr/lib/avrxmega4\libm.a(fp_nan.o)
 .data          0x00000000        0x0 c:/program files (x86)/atmel/studio/7.0/toolchain/avr8/avr8-gnu-toolchain/bin/../lib/gcc/avr/5.4.0/../../../../avr/lib/avrxmega4\libm.a(fp_nan.o)
 .bss           0x00000000        0x0 c:/program files (x86)/atmel/studio/7.0/toolchain/avr8/avr8-gnu-toolchain/bin/../lib/gcc/avr/5.4.0/../../../../avr/lib/avrxmega4\libm.a(fp_nan.o)
 .text          0x00000000        0x0 c:/program files (x86)/atmel/studio/7.0/toolchain/avr8/avr8-gnu-toolchain/bin/../lib/gcc/avr/5.4.0/../../../../avr/lib/avrxmega4\libm.a(fp_powser.o)
 .data          0x00000000        0x0 c:/program files (x86)/atmel/studio/7.0/toolchain/avr8/avr8-gnu-toolchain/bin/../lib/gcc/avr/5.4.0/../../../../avr/lib/avrxmega4\libm.a(fp_powser.o)
 .bss           0x00000000        0x0 c:/program files (x86)/atmel/studio/7.0/toolchain/avr8/avr8-gnu-toolchain/bin/../lib/gcc/avr/5.4.0/../../../../avr/lib/avrxmega4\libm.a(fp_powser.o)
 .text          0x00000000        0x0 c:/program files (x86)/atmel/studio/7.0/toolchain/avr8/avr8-gnu-toolchain/bin/../lib/gcc/avr/5.4.0/../../../../avr/lib/avrxmega4\libm.a(fp_pscA.o)
 .data          0x00000000        0x0 c:/program files (x86)/atmel/studio/7.0/toolchain/avr8/avr8-gnu-toolchain/bin/../lib/gcc/avr/5.4.0/../../../../avr/lib/avrxmega4\libm.a(fp_pscA.o)
 .bss           0x00000000        0x0 c:/program files (x86)/atmel/studio/7.0/toolchain/avr8/avr8-gnu-toolchain/bin/../lib/gcc/avr/5.4.0/../../../../avr/lib/avrxmega4\libm.a(fp_pscA.o)
 .text          0x00000000        0x0 c:/program files (x86)/atmel/studio/7.0/toolchain/avr8/avr8-gnu-toolchain/bin/../lib/gcc/avr/5.4.0/../../../../avr/lib/avrxmega4\libm.a(fp_pscB.o)
 .data          0x00000000        0x0 c:/program files (x86)/atmel/studio/7.0/toolchain/avr8/avr8-gnu-toolchain/bin/../lib/gcc/avr/5.4.0/../../../../avr/lib/avrxmega4\libm.a(fp_pscB.o)
 .bss           0x00000000        0x0 c:/program files (x86)/atmel/studio/7.0/toolchain/avr8/avr8-gnu-toolchain/bin/../lib/gcc/avr/5.4.0/../../../../avr/lib/avrxmega4\libm.a(fp_pscB.o)
 .text          0x00000000        0x0 c:/program files (x86)/atmel/studio/7.0/toolchain/avr8/avr8-gnu-toolchain/bin/../lib/gcc/avr/5.4.0/../../../../avr/lib/avrxmega4\libm.a(fp_rempio2.o)
 .data          0x00000000        0x0 c:/program files (x86)/atmel/studio/7.0/toolchain/avr8/avr8-gnu-toolchain/bin/../lib/gcc/avr/5.4.0/../../../../avr/lib/avrxmega4\libm.a(fp_rempio2.o)
 .bss           0x00000000        0x0 c:/program files (x86)/atmel/studio/7.0/toolchain/avr8/avr8-gnu-toolchain/bin/../lib/gcc/avr/5.4.0/../../../../avr/lib/avrxmega4\libm.a(fp_rempio2.o)
 .text          0x00000000        0x0 c:/program files (x86)/atmel/studio/7.0/toolchain/avr8/avr8-gnu-toolchain/bin/../lib/gcc/avr/5.4.0/../../../../avr/lib/avrxmega4\libm.a(fp_round.o)
 .data          0x00000000        0x0 c:/program files (x86)/atmel/studio/7.0/toolchain/avr8/avr8-gnu-toolchain/bin/../lib/gcc/avr/5.4.0/../../../../avr/lib/avrxmega4\libm.a(fp_round.o)
 .bss           0x00000000        0x0 c:/program files (x86)/atmel/studio/7.0/toolchain/avr8/avr8-gnu-toolchain/bin/../lib/gcc/avr/5.4.0/../../../../avr/lib/avrxmega4\libm.a(fp_round.o)
 .text          0x00000000        0x0 c:/program files (x86)/atmel/studio/7.0/toolchain/avr8/avr8-gnu-toolchain/bin/../lib/gcc/avr/5.4.0/../../../../avr/lib/avrxmega4\libm.a(fp_sinus.o)
 .data          0x00000000        0x0 c:/program files (x86)/atmel/studio/7.0/toolchain/avr8/avr8-gnu-toolchain/bin/../lib/gcc/avr/5.4.0/../../../../avr/lib/avrxmega4\libm.a(fp_sinus.o)
 .bss           0x00000000        0x0 c:/program files (x86)/atmel/studio/7.0/toolchain/avr8/avr8-gnu-toolchain/bin/../lib/gcc/avr/5.4.0/../../../../avr/lib/avrxmega4\libm.a(fp_sinus.o)
 .text          0x00000000        0x0 c:/program files (x86)/atmel/studio/7.0/toolchain/avr8/avr8-gnu-toolchain/bin/../lib/gcc/avr/5.4.0/../../../../avr/lib/avrxmega4\libm.a(fp_split3.o)
 .data          0x00000000        0x0 c:/program files (x86)/atmel/studio/7.0/toolchain/avr8/avr8-gnu-toolchain/bin/../lib/gcc/avr/5.4.0/../../../../avr/lib/avrxmega4\libm.a(fp_split3.o)
 .bss           0x00000000        0x0 c:/program files (x86)/atmel/studio/7.0/toolchain/avr8/avr8-gnu-toolchain/bin/../lib/gcc/avr/5.4.0/../../../../avr/lib/avrxmega4\libm.a(fp_split3.o)
 .text          0x00000000        0x0 c:/program files (x86)/atmel/studio/7.0/toolchain/avr8/avr8-gnu-toolchain/bin/../lib/gcc/avr/5.4.0/../../../../avr/lib/avrxmega4\libm.a(fp_zero.o)
 .data          0x00000000        0x0 c:/program files (x86)/atmel/studio/7.0/toolchain/avr8/avr8-gnu-toolchain/bin/../lib/gcc/avr/5.4.0/../../../../avr/lib/avrxmega4\libm.a(fp_zero.o)
 .bss           0x00000000        0x0 c:/program files (x86)/atmel/studio/7.0/toolchain/avr8/avr8-gnu-toolchain/bin/../lib/gcc/avr/5.4.0/../../../../avr/lib/avrxmega4\libm.a(fp_zero.o)
 .text          0x00000000        0x0 c:/program files (x86)/atmel/studio/7.0/toolchain/avr8/avr8-gnu-toolchain/bin/../lib/gcc/avr/5.4.0/../../../../avr/lib/avrxmega4\libm.a(gesf2.o)
 .data          0x00000000        0x0 c:/program files (x86)/atmel/studio/7.0/toolchain/avr8/avr8-gnu-toolchain/bin/../lib/gcc/avr/5.4.0/../../../../avr/lib/avrxmega4\libm.a(gesf2.o)
 .bss           0x00000000        0x0 c:/program files (x86)/atmel/studio/7.0/toolchain/avr8/avr8-gnu-toolchain/bin/../lib/gcc/avr/5.4.0/../../../../avr/lib/avrxmega4\libm.a(gesf2.o)
 .text          0x00000000        0x0 c:/program files (x86)/atmel/studio/7.0/toolchain/avr8/avr8-gnu-toolchain/bin/../lib/gcc/avr/5.4.0/../../../../avr/lib/avrxmega4\libm.a(inverse.o)
 .data          0x00000000        0x0 c:/program files (x86)/atmel/studio/7.0/toolchain/avr8/avr8-gnu-toolchain/bin/../lib/gcc/avr/5.4.0/../../../../avr/lib/avrxmega4\libm.a(inverse.o)
 .bss           0x00000000        0x0 c:/program files (x86)/atmel/studio/7.0/toolchain/avr8/avr8-gnu-toolchain/bin/../lib/gcc/avr/5.4.0/../../../../avr/lib/avrxmega4\libm.a(inverse.o)
 .text          0x00000000        0x0 c:/program files (x86)/atmel/studio/7.0/toolchain/avr8/avr8-gnu-toolchain/bin/../lib/gcc/avr/5.4.0/../../../../avr/lib/avrxmega4\libm.a(mulsf3.o)
 .data          0x00000000        0x0 c:/program files (x86)/atmel/studio/7.0/toolchain/avr8/avr8-gnu-toolchain/bin/../lib/gcc/avr/5.4.0/../../../../avr/lib/avrxmega4\libm.a(mulsf3.o)
 .bss           0x00000000        0x0 c:/program files (x86)/atmel/studio/7.0/toolchain/avr8/avr8-gnu-toolchain/bin/../lib/gcc/avr/5.4.0/../../../../avr/lib/avrxmega4\libm.a(mulsf3.o)
 .text          0x00000000        0x0 c:/program files (x86)/atmel/studio/7.0/toolchain/avr8/avr8-gnu-toolchain/bin/../lib/gcc/avr/5.4.0/../../../../avr/lib/avrxmega4\libm.a(mulsf3x.o)
 .data          0x00000000        0x0 c:/program files (x86)/atmel/studio/7.0/toolchain/avr8/avr8-gnu-toolchain/bin/../lib/gcc/avr/5.4.0/../../../../avr/lib/avrxmega4\libm.a(mulsf3x.o)
 .bss           0x00000000        0x0 c:/program files (x86)/atmel/studio/7.0/toolchain/avr8/avr8-gnu-toolchain/bin/../lib/gcc/avr/5.4.0/../../../../avr/lib/avrxmega4\libm.a(mulsf3x.o)
 .text          0x00000000        0x0 c:/program files (x86)/atmel/studio/7.0/toolchain/avr8/avr8-gnu-toolchain/bin/../lib/gcc/avr/5.4.0/../../../../avr/lib/avrxmega4\libm.a(round.o)
 .data          0x00000000        0x0 c:/program files (x86)/atmel/studio/7.0/toolchain/avr8/avr8-gnu-toolchain/bin/../lib/gcc/avr/5.4.0/../../../../avr/lib/avrxmega4\libm.a(round.o)
 .bss           0x00000000        0x0 c:/program files (x86)/atmel/studio/7.0/toolchain/avr8/avr8-gnu-toolchain/bin/../lib/gcc/avr/5.4.0/../../../../avr/lib/avrxmega4\libm.a(round.o)
 .text          0x00000000        0x0 c:/program files (x86)/atmel/studio/7.0/toolchain/avr8/avr8-gnu-toolchain/bin/../lib/gcc/avr/5.4.0/../../../../avr/lib/avrxmega4\libm.a(sin.o)
 .data          0x00000000        0x0 c:/program files (x86)/atmel/studio/7.0/toolchain/avr8/avr8-gnu-toolchain/bin/../lib/gcc/avr/5.4.0/../../../../avr/lib/avrxmega4\libm.a(sin.o)
 .bss           0x00000000        0x0 c:/program files (x86)/atmel/studio/7.0/toolchain/avr8/avr8-gnu-toolchain/bin/../lib/gcc/avr/5.4.0/../../../../avr/lib/avrxmega4\libm.a(sin.o)
 .text          0x00000000        0x0 c:/program files (x86)/atmel/studio/7.0/toolchain/avr8/avr8-gnu-toolchain/bin/../lib/gcc/avr/5.4.0/../../../../avr/lib/avrxmega4\libm.a(sqrt.o)
 .data          0x00000000        0x0 c:/program files (x86)/atmel/studio/7.0/toolchain/avr8/avr8-gnu-toolchain/bin/../lib/gcc/avr/5.4.0/../../../../avr/lib/avrxmega4\libm.a(sqrt.o)
 .bss           0x00000000        0x0 c:/program files (x86)/atmel/studio/7.0/toolchain/avr8/avr8-gnu-toolchain/bin/../lib/gcc/avr/5.4.0/../../../../avr/lib/avrxmega4\libm.a(sqrt.o)
 .text          0x00000000        0x0 c:/program files (x86)/atmel/studio/7.0/toolchain/avr8/avr8-gnu-toolchain/bin/../lib/gcc/avr/5.4.0/../../../../avr/lib/avrxmega4\libm.a(square.o)
 .data          0x00000000        0x0 c:/program files (x86)/atmel/studio/7.0/toolchain/avr8/avr8-gnu-toolchain/bin/../lib/gcc/avr/5.4.0/../../../../avr/lib/avrxmega4\libm.a(square.o)
 .bss           0x00000000        0x0 c:/program files (x86)/atmel/studio/7.0/toolchain/avr8/avr8-gnu-toolchain/bin/../lib/gcc/avr/5.4.0/../../../../avr/lib/avrxmega4\libm.a(square.o)
 .text          0x00000000        0x0 c:/program files (x86)/atmel/studio/7.0/toolchain/avr8/avr8-gnu-toolchain/bin/../lib/gcc/avr/5.4.0/../../../../avr/lib/avrxmega4\libm.a(fp_mintl.o)
 .data          0x00000000        0x0 c:/program files (x86)/atmel/studio/7.0/toolchain/avr8/avr8-gnu-toolchain/bin/../lib/gcc/avr/5.4.0/../../../../avr/lib/avrxmega4\libm.a(fp_mintl.o)
 .bss           0x00000000        0x0 c:/program files (x86)/atmel/studio/7.0/toolchain/avr8/avr8-gnu-toolchain/bin/../lib/gcc/avr/5.4.0/../../../../avr/lib/avrxmega4\libm.a(fp_mintl.o)
 .text          0x00000000        0x0 c:/program files (x86)/atmel/studio/7.0/toolchain/avr8/avr8-gnu-toolchain/bin/../lib/gcc/avr/5.4.0/../../../../avr/lib/avrxmega4\libm.a(fp_mpack.o)
 .data          0x00000000        0x0 c:/program files (x86)/atmel/studio/7.0/toolchain/avr8/avr8-gnu-toolchain/bin/../lib/gcc/avr/5.4.0/../../../../avr/lib/avrxmega4\libm.a(fp_mpack.o)
 .bss           0x00000000        0x0 c:/program files (x86)/atmel/studio/7.0/toolchain/avr8/avr8-gnu-toolchain/bin/../lib/gcc/avr/5.4.0/../../../../avr/lib/avrxmega4\libm.a(fp_mpack.o)
 .text          0x00000000        0x0 c:/program files (x86)/atmel/studio/7.0/toolchain/avr8/avr8-gnu-toolchain/bin/../lib/gcc/avr/5.4.0/../../../../avr/lib/avrxmega4\libm.a(fp_norm2.o)
 .data          0x00000000        0x0 c:/program files (x86)/atmel/studio/7.0/toolchain/avr8/avr8-gnu-toolchain/bin/../lib/gcc/avr/5.4.0/../../../../avr/lib/avrxmega4\libm.a(fp_norm2.o)
 .bss           0x00000000        0x0 c:/program files (x86)/atmel/studio/7.0/toolchain/avr8/avr8-gnu-toolchain/bin/../lib/gcc/avr/5.4.0/../../../../avr/lib/avrxmega4\libm.a(fp_norm2.o)
 .text          0x00000000        0x0 c:/program files (x86)/atmel/studio/7.0/toolchain/avr8/avr8-gnu-toolchain/bin/../lib/gcc/avr/5.4.0/../../../../avr/lib/avrxmega4\libm.a(fp_powsodd.o)
 .data          0x00000000        0x0 c:/program files (x86)/atmel/studio/7.0/toolchain/avr8/avr8-gnu-toolchain/bin/../lib/gcc/avr/5.4.0/../../../../avr/lib/avrxmega4\libm.a(fp_powsodd.o)
 .bss           0x00000000        0x0 c:/program files (x86)/atmel/studio/7.0/toolchain/avr8/avr8-gnu-toolchain/bin/../lib/gcc/avr/5.4.0/../../../../avr/lib/avrxmega4\libm.a(fp_powsodd.o)
 .text          0x00000000        0x0 c:/program files (x86)/atmel/studio/7.0/toolchain/avr8/avr8-gnu-toolchain/bin/../lib/gcc/avr/5.4.0/avrxmega4\libgcc.a(_udivmodqi4.o)
 .data          0x00000000        0x0 c:/program files (x86)/atmel/studio/7.0/toolchain/avr8/avr8-gnu-toolchain/bin/../lib/gcc/avr/5.4.0/avrxmega4\libgcc.a(_udivmodqi4.o)
 .bss           0x00000000        0x0 c:/program files (x86)/atmel/studio/7.0/toolchain/avr8/avr8-gnu-toolchain/bin/../lib/gcc/avr/5.4.0/avrxmega4\libgcc.a(_udivmodqi4.o)
 .text.libgcc.mul
                0x00000000        0x0 c:/program files (x86)/atmel/studio/7.0/toolchain/avr8/avr8-gnu-toolchain/bin/../lib/gcc/avr/5.4.0/avrxmega4\libgcc.a(_udivmodqi4.o)
 .text.libgcc   0x00000000        0x0 c:/program files (x86)/atmel/studio/7.0/toolchain/avr8/avr8-gnu-toolchain/bin/../lib/gcc/avr/5.4.0/avrxmega4\libgcc.a(_udivmodqi4.o)
 .text.libgcc.prologue
                0x00000000        0x0 c:/program files (x86)/atmel/studio/7.0/toolchain/avr8/avr8-gnu-toolchain/bin/../lib/gcc/avr/5.4.0/avrxmega4\libgcc.a(_udivmodqi4.o)
 .text.libgcc.builtins
                0x00000000        0x0 c:/program files (x86)/atmel/studio/7.0/toolchain/avr8/avr8-gnu-toolchain/bin/../lib/gcc/avr/5.4.0/avrxmega4\libgcc.a(_udivmodqi4.o)
 .text.libgcc.fmul
                0x00000000        0x0 c:/program files (x86)/atmel/studio/7.0/toolchain/avr8/avr8-gnu-toolchain/bin/../lib/gcc/avr/5.4.0/avrxmega4\libgcc.a(_udivmodqi4.o)
 .text.libgcc.fixed
                0x00000000        0x0 c:/program files (x86)/atmel/studio/7.0/toolchain/avr8/avr8-gnu-toolchain/bin/../lib/gcc/avr/5.4.0/avrxmega4\libgcc.a(_udivmodqi4.o)
 .text          0x00000000        0x0 c:/program files (x86)/atmel/studio/7.0/toolchain/avr8/avr8-gnu-toolchain/bin/../lib/gcc/avr/5.4.0/avrxmega4\libgcc.a(_exit.o)
 .data          0x00000000        0x0 c:/program files (x86)/atmel/studio/7.0/toolchain/avr8/avr8-gnu-toolchain/bin/../lib/gcc/avr/5.4.0/avrxmega4\libgcc.a(_exit.o)
 .bss           0x00000000        0x0 c:/program files (x86)/atmel/studio/7.0/toolchain/avr8/avr8-gnu-toolchain/bin/../lib/gcc/avr/5.4.0/avrxmega4\libgcc.a(_exit.o)
 .text.libgcc.mul
                0x00000000        0x0 c:/program files (x86)/atmel/studio/7.0/toolchain/avr8/avr8-gnu-toolchain/bin/../lib/gcc/avr/5.4.0/avrxmega4\libgcc.a(_exit.o)
 .text.libgcc.div
                0x00000000        0x0 c:/program files (x86)/atmel/studio/7.0/toolchain/avr8/avr8-gnu-toolchain/bin/../lib/gcc/avr/5.4.0/avrxmega4\libgcc.a(_exit.o)
 .text.libgcc   0x00000000        0x0 c:/program files (x86)/atmel/studio/7.0/toolchain/avr8/avr8-gnu-toolchain/bin/../lib/gcc/avr/5.4.0/avrxmega4\libgcc.a(_exit.o)
 .text.libgcc.prologue
                0x00000000        0x0 c:/program files (x86)/atmel/studio/7.0/toolchain/avr8/avr8-gnu-toolchain/bin/../lib/gcc/avr/5.4.0/avrxmega4\libgcc.a(_exit.o)
 .text.libgcc.builtins
                0x00000000        0x0 c:/program files (x86)/atmel/studio/7.0/toolchain/avr8/avr8-gnu-toolchain/bin/../lib/gcc/avr/5.4.0/avrxmega4\libgcc.a(_exit.o)
 .text.libgcc.fmul
                0x00000000        0x0 c:/program files (x86)/atmel/studio/7.0/toolchain/avr8/avr8-gnu-toolchain/bin/../lib/gcc/avr/5.4.0/avrxmega4\libgcc.a(_exit.o)
 .text.libgcc.fixed
                0x00000000        0x0 c:/program files (x86)/atmel/studio/7.0/toolchain/avr8/avr8-gnu-toolchain/bin/../lib/gcc/avr/5.4.0/avrxmega4\libgcc.a(_exit.o)
 .text          0x00000000        0x0 c:/program files (x86)/atmel/studio/7.0/toolchain/avr8/avr8-gnu-toolchain/bin/../lib/gcc/avr/5.4.0/avrxmega4\libgcc.a(_clear_bss.o)
 .data          0x00000000        0x0 c:/program files (x86)/atmel/studio/7.0/toolchain/avr8/avr8-gnu-toolchain/bin/../lib/gcc/avr/5.4.0/avrxmega4\libgcc.a(_clear_bss.o)
 .bss           0x00000000        0x0 c:/program files (x86)/atmel/studio/7.0/toolchain/avr8/avr8-gnu-toolchain/bin/../lib/gcc/avr/5.4.0/avrxmega4\libgcc.a(_clear_bss.o)
 .text.libgcc.mul
                0x00000000        0x0 c:/program files (x86)/atmel/studio/7.0/toolchain/avr8/avr8-gnu-toolchain/bin/../lib/gcc/avr/5.4.0/avrxmega4\libgcc.a(_clear_bss.o)
 .text.libgcc.div
                0x00000000        0x0 c:/program files (x86)/atmel/studio/7.0/toolchain/avr8/avr8-gnu-toolchain/bin/../lib/gcc/avr/5.4.0/avrxmega4\libgcc.a(_clear_bss.o)
 .text.libgcc   0x00000000        0x0 c:/program files (x86)/atmel/studio/7.0/toolchain/avr8/avr8-gnu-toolchain/bin/../lib/gcc/avr/5.4.0/avrxmega4\libgcc.a(_clear_bss.o)
 .text.libgcc.prologue
                0x00000000        0x0 c:/program files (x86)/atmel/studio/7.0/toolchain/avr8/avr8-gnu-toolchain/bin/../lib/gcc/avr/5.4.0/avrxmega4\libgcc.a(_clear_bss.o)
 .text.libgcc.builtins
                0x00000000        0x0 c:/program files (x86)/atmel/studio/7.0/toolchain/avr8/avr8-gnu-toolchain/bin/../lib/gcc/avr/5.4.0/avrxmega4\libgcc.a(_clear_bss.o)
 .text.libgcc.fmul
                0x00000000        0x0 c:/program files (x86)/atmel/studio/7.0/toolchain/avr8/avr8-gnu-toolchain/bin/../lib/gcc/avr/5.4.0/avrxmega4\libgcc.a(_clear_bss.o)
 .text.libgcc.fixed
                0x00000000        0x0 c:/program files (x86)/atmel/studio/7.0/toolchain/avr8/avr8-gnu-toolchain/bin/../lib/gcc/avr/5.4.0/avrxmega4\libgcc.a(_clear_bss.o)

Memory Configuration

Name             Origin             Length             Attributes
text             0x00000000         0x00020000         xr
data             0x00804000         0x00004000         rw !x
eeprom           0x00810000         0x00000200         rw !x
fuse             0x00820000         0x00000010         rw !x
lock             0x00830000         0x00000400         rw !x
signature        0x00840000         0x00000400         rw !x
user_signatures  0x00850000         0x00000400         rw !x
*default*        0x00000000         0xffffffff

Linker script and memory map

Address of section .data set to 0x804000
                0x00008000                __RODATA_PM_OFFSET__ = 0x8000
LOAD C:/Program Files (x86)/Atmel/Studio/7.0/Packs/Atmel/AVR-Dx_DFP/1.6.76/gcc/dev/avr128db48/avrxmega4/crtavr128db48.o
LOAD main.o
LOAD src/ADC.o
LOAD src/I2C_slave.o
LOAD src/sun_sensor.o
START GROUP
LOAD c:/program files (x86)/atmel/studio/7.0/toolchain/avr8/avr8-gnu-toolchain/bin/../lib/gcc/avr/5.4.0/../../../../avr/lib/avrxmega4\libm.a
END GROUP
START GROUP
LOAD c:/program files (x86)/atmel/studio/7.0/toolchain/avr8/avr8-gnu-toolchain/bin/../lib/gcc/avr/5.4.0/avrxmega4\libgcc.a
LOAD c:/program files (x86)/atmel/studio/7.0/toolchain/avr8/avr8-gnu-toolchain/bin/../lib/gcc/avr/5.4.0/../../../../avr/lib/avrxmega4\libm.a
LOAD c:/program files (x86)/atmel/studio/7.0/toolchain/avr8/avr8-gnu-toolchain/bin/../lib/gcc/avr/5.4.0/../../../../avr/lib/avrxmega4\libc.a
LOAD C:/Program Files (x86)/Atmel/Studio/7.0/Packs/Atmel/AVR-Dx_DFP/1.6.76/gcc/dev/avr128db48/avrxmega4\libavr128db48.a
END GROUP
                [0x00000000]                __TEXT_REGION_ORIGIN__ = DEFINED (__TEXT_REGION_ORIGIN__)?__TEXT_REGION_ORIGIN__:0x0
                [0x00804000]                __DATA_REGION_ORIGIN__ = DEFINED (__DATA_REGION_ORIGIN__)?__DATA_REGION_ORIGIN__:0x802000
                [0x00020000]                __TEXT_REGION_LENGTH__ = DEFINED (__TEXT_REGION_LENGTH__)?__TEXT_REGION_LENGTH__:0x100000
                [0x00004000]                __DATA_REGION_LENGTH__ = DEFINED (__DATA_REGION_LENGTH__)?__DATA_REGION_LENGTH__:0xffa0
                [0x00000200]                __EEPROM_REGION_LENGTH__ = DEFINED (__EEPROM_REGION_LENGTH__)?__EEPROM_REGION_LENGTH__:0x10000
                [0x00000010]                __FUSE_REGION_LENGTH__ = DEFINED (__FUSE_REGION_LENGTH__)?__FUSE_REGION_LENGTH__:0x400
                0x00000400                __LOCK_REGION_LENGTH__ = DEFINED (__LOCK_REGION_LENGTH__)?__LOCK_REGION_LENGTH__:0x400
                0x00000400                __SIGNATURE_REGION_LENGTH__ = DEFINED (__SIGNATURE_REGION_LENGTH__)?__SIGNATURE_REGION_LENGTH__:0x400
                0x00000400                __USER_SIGNATURE_REGION_LENGTH__ = DEFINED (__USER_SIGNATURE_REGION_LENGTH__)?__USER_SIGNATURE_REGION_LENGTH__:0x400

.hash
 *(.hash)

.dynsym
 *(.dynsym)

.dynstr
 *(.dynstr)

.gnu.version
 *(.gnu.version)

.gnu.version_d
 *(.gnu.version_d)

.gnu.version_r
 *(.gnu.version_r)

.rel.init
 *(.rel.init)

.rela.init
 *(.rela.init)

.rel.text
 *(.rel.text)
 *(.rel.text.*)
 *(.rel.gnu.linkonce.t*)

.rela.text
 *(.rela.text)
 *(.rela.text.*)
 *(.rela.gnu.linkonce.t*)

.rel.fini
 *(.rel.fini)

.rela.fini
 *(.rela.fini)

.rel.rodata
 *(.rel.rodata)
 *(.rel.rodata.*)
 *(.rel.gnu.linkonce.r*)

.rela.rodata
 *(.rela.rodata)
 *(.rela.rodata.*)
 *(.rela.gnu.linkonce.r*)

.rel.data
 *(.rel.data)
 *(.rel.data.*)
 *(.rel.gnu.linkonce.d*)

.rela.data
 *(.rela.data)
 *(.rela.data.*)
 *(.rela.gnu.linkonce.d*)

.rel.ctors
 *(.rel.ctors)

.rela.ctors
 *(.rela.ctors)

.rel.dtors
 *(.rel.dtors)

.rela.dtors
 *(.rela.dtors)

.rel.got
 *(.rel.got)

.rela.got
 *(.rela.got)

.rel.bss
 *(.rel.bss)

.rela.bss
 *(.rela.bss)

.rel.plt
 *(.rel.plt)

.rela.plt
 *(.rela.plt)

.text           0x00000000      0xfbe
 *(.vectors)
 .vectors       0x00000000       0xf4 C:/Program Files (x86)/Atmel/Studio/7.0/Packs/Atmel/AVR-Dx_DFP/1.6.76/gcc/dev/avr128db48/avrxmega4/crtavr128db48.o
                0x00000000                __vector_default
                0x00000000                __vectors
 *(.vectors)
 *(.progmem.gcc*)
 .progmem.gcc_fplib
                0x000000f4       0x2d c:/program files (x86)/atmel/studio/7.0/toolchain/avr8/avr8-gnu-toolchain/bin/../lib/gcc/avr/5.4.0/../../../../avr/lib/avrxmega4\libm.a(atan.o)
 .progmem.gcc_fplib
                0x00000121       0x1e c:/program files (x86)/atmel/studio/7.0/toolchain/avr8/avr8-gnu-toolchain/bin/../lib/gcc/avr/5.4.0/../../../../avr/lib/avrxmega4\libm.a(fp_sinus.o)
                0x00000140                . = ALIGN (0x2)
 *fill*         0x0000013f        0x1 
                0x00000140                __trampolines_start = .
 *(.trampolines)
 .trampolines   0x00000140        0x0 linker stubs
 *(.trampolines*)
                0x00000140                __trampolines_end = .
 *libprintf_flt.a:*(.progmem.data)
 *libc.a:*(.progmem.data)
 *(.progmem*)
                0x00000140                . = ALIGN (0x2)
 *(.jumptables)
 *(.jumptables*)
 *(.lowtext)
 *(.lowtext*)
                0x00000140                __ctors_start = .
 *(.ctors)
                0x00000140                __ctors_end = .
                0x00000140                __dtors_start = .
 *(.dtors)
                0x00000140                __dtors_end = .
 SORT(*)(.ctors)
 SORT(*)(.dtors)
 *(.init0)
 .init0         0x00000140        0x0 C:/Program Files (x86)/Atmel/Studio/7.0/Packs/Atmel/AVR-Dx_DFP/1.6.76/gcc/dev/avr128db48/avrxmega4/crtavr128db48.o
                0x00000140                __init
 *(.init0)
 *(.init1)
 *(.init1)
 *(.init2)
 .init2         0x00000140        0xc C:/Program Files (x86)/Atmel/Studio/7.0/Packs/Atmel/AVR-Dx_DFP/1.6.76/gcc/dev/avr128db48/avrxmega4/crtavr128db48.o
 *(.init2)
 *(.init3)
 *(.init3)
 *(.init4)
 .init4         0x0000014c       0x10 c:/program files (x86)/atmel/studio/7.0/toolchain/avr8/avr8-gnu-toolchain/bin/../lib/gcc/avr/5.4.0/avrxmega4\libgcc.a(_clear_bss.o)
                0x0000014c                __do_clear_bss
 *(.init4)
 *(.init5)
 *(.init5)
 *(.init6)
 *(.init6)
 *(.init7)
 *(.init7)
 *(.init8)
 *(.init8)
 *(.init9)
 .init9         0x0000015c        0x8 C:/Program Files (x86)/Atmel/Studio/7.0/Packs/Atmel/AVR-Dx_DFP/1.6.76/gcc/dev/avr128db48/avrxmega4/crtavr128db48.o
 *(.init9)
 *(.text)
 .text          0x00000164        0x4 C:/Program Files (x86)/Atmel/Studio/7.0/Packs/Atmel/AVR-Dx_DFP/1.6.76/gcc/dev/avr128db48/avrxmega4/crtavr128db48.o
                0x00000164                __vector_38
                0x00000164                __vector_22
                0x00000164                __vector_28
                0x00000164                __vector_1
                0x00000164                __vector_32
                0x00000164                __vector_34
                0x00000164                __vector_24
                0x00000164                __vector_12
                0x00000164                __vector_55
                0x00000164                __vector_46
                0x00000164                __bad_interrupt
                0x00000164                __vector_6
                0x00000164                __vector_31
                0x00000164                __vector_35
                0x00000164                __vector_39
                0x00000164                __vector_3
                0x00000164                __vector_23
                0x00000164                __vector_30
                0x00000164                __vector_45
                0x00000164                __vector_25
                0x00000164                __vector_11
                0x00000164                __vector_54
                0x00000164                __vector_13
                0x00000164                __vector_17
                0x00000164                __vector_19
                0x00000164                __vector_56
                0x00000164                __vector_7
                0x00000164                __vector_49
                0x00000164                __vector_41
                0x00000164                __vector_43
                0x00000164                __vector_27
                0x00000164                __vector_5
                0x00000164                __vector_33
                0x00000164                __vector_47
                0x00000164                __vector_52
                0x00000164                __vector_37
                0x00000164                __vector_4
                0x00000164                __vector_44
                0x00000164                __vector_51
                0x00000164                __vector_9
                0x00000164                __vector_2
                0x00000164                __vector_21
                0x00000164                __vector_15
                0x00000164                __vector_36
                0x00000164                __vector_58
                0x00000164                __vector_29
                0x00000164                __vector_60
                0x00000164                __vector_40
                0x00000164                __vector_8
                0x00000164                __vector_26
                0x00000164                __vector_48
                0x00000164                __vector_14
                0x00000164                __vector_57
                0x00000164                __vector_53
                0x00000164                __vector_10
                0x00000164                __vector_50
                0x00000164                __vector_16
                0x00000164                __vector_59
                0x00000164                __vector_20
                0x00000164                __vector_42
                0x00000168                . = ALIGN (0x2)
 *(.text.*)
 .text.main     0x00000168       0x58 main.o
                0x00000168                main
 .text.ADC_init
                0x000001c0       0x20 src/ADC.o
                0x000001c0                ADC_init
 .text.ADC_read
                0x000001e0       0x1e src/ADC.o
                0x000001e0                ADC_read
 .text.I2C_init
                0x000001fe       0x18 src/I2C_slave.o
                0x000001fe                I2C_init
 .text.I2C_setUpData
                0x00000216       0x26 src/I2C_slave.o
                0x00000216                I2C_setUpData
 .text.I2C_sendData
                0x0000023c       0x80 src/I2C_slave.o
                0x0000023c                I2C_sendData
 .text.I2C_sendAck
                0x000002bc        0xe src/I2C_slave.o
                0x000002bc                I2C_sendAck
 .text.I2C_sendNack
                0x000002ca       0x10 src/I2C_slave.o
                0x000002ca                I2C_sendNack
 .text.__vector_18
                0x000002da       0xd8 src/I2C_slave.o
                0x000002da                __vector_18
 .text.getAngles
                0x000003b2      0x300 src/sun_sensor.o
                0x000003b2                getAngles
 .text.setUpAngles
                0x000006b2       0x8e src/sun_sensor.o
                0x000006b2                setUpAngles
 .text.setUpVector
                0x00000740      0x106 src/sun_sensor.o
                0x00000740                setUpVector
 .text.setUpADCvalues
                0x00000846       0x36 src/sun_sensor.o
                0x00000846                setUpADCvalues
 .text.avr-libc.fplib
                0x0000087c        0xe c:/program files (x86)/atmel/studio/7.0/toolchain/avr8/avr8-gnu-toolchain/bin/../lib/gcc/avr/5.4.0/../../../../avr/lib/avrxmega4\libm.a(addsf3.o)
                0x0000087c                __subsf3
                0x0000087e                __addsf3
 .text.avr-libc.fplib
                0x0000088a       0xcc c:/program files (x86)/atmel/studio/7.0/toolchain/avr8/avr8-gnu-toolchain/bin/../lib/gcc/avr/5.4.0/../../../../avr/lib/avrxmega4\libm.a(addsf3x.o)
                0x000008ac                __addsf3x
 .text.avr-libc.fplib
                0x00000956       0x5e c:/program files (x86)/atmel/studio/7.0/toolchain/avr8/avr8-gnu-toolchain/bin/../lib/gcc/avr/5.4.0/../../../../avr/lib/avrxmega4\libm.a(atan.o)
                0x00000956                atan
 .text.avr-libc.fplib
                0x000009b4        0xa c:/program files (x86)/atmel/studio/7.0/toolchain/avr8/avr8-gnu-toolchain/bin/../lib/gcc/avr/5.4.0/../../../../avr/lib/avrxmega4\libm.a(cmpsf2.o)
                0x000009b4                __nesf2
                0x000009b4                __eqsf2
                0x000009b4                __cmpsf2
                0x000009b4                __ltsf2
                0x000009b4                __lesf2
 .text.avr-libc.fplib
                0x000009be        0xa c:/program files (x86)/atmel/studio/7.0/toolchain/avr8/avr8-gnu-toolchain/bin/../lib/gcc/avr/5.4.0/../../../../avr/lib/avrxmega4\libm.a(cos.o)
                0x000009be                cos
 .text.avr-libc.fplib
                0x000009c8        0x8 c:/program files (x86)/atmel/studio/7.0/toolchain/avr8/avr8-gnu-toolchain/bin/../lib/gcc/avr/5.4.0/../../../../avr/lib/avrxmega4\libm.a(divsf3.o)
                0x000009c8                __divsf3
 .text.avr-libc.fplib
                0x000009d0       0xdc c:/program files (x86)/atmel/studio/7.0/toolchain/avr8/avr8-gnu-toolchain/bin/../lib/gcc/avr/5.4.0/../../../../avr/lib/avrxmega4\libm.a(divsf3x.o)
                0x000009f0                __divsf3x
                0x000009f6                __divsf3_pse
 .text.avr-libc.fplib
                0x00000aac       0x5e c:/program files (x86)/atmel/studio/7.0/toolchain/avr8/avr8-gnu-toolchain/bin/../lib/gcc/avr/5.4.0/../../../../avr/lib/avrxmega4\libm.a(fixunssfsi.o)
                0x00000aac                __fixunssfsi
 .text.avr-libc.fplib
                0x00000b0a       0x7a c:/program files (x86)/atmel/studio/7.0/toolchain/avr8/avr8-gnu-toolchain/bin/../lib/gcc/avr/5.4.0/../../../../avr/lib/avrxmega4\libm.a(floatsisf.o)
                0x00000b0a                __floatunsisf
                0x00000b0e                __floatsisf
 .text.avr-libc.fplib
                0x00000b84       0x48 c:/program files (x86)/atmel/studio/7.0/toolchain/avr8/avr8-gnu-toolchain/bin/../lib/gcc/avr/5.4.0/../../../../avr/lib/avrxmega4\libm.a(fp_cmp.o)
                0x00000b84                __fp_cmp
 .text.avr-libc.fplib
                0x00000bcc        0xc c:/program files (x86)/atmel/studio/7.0/toolchain/avr8/avr8-gnu-toolchain/bin/../lib/gcc/avr/5.4.0/../../../../avr/lib/avrxmega4\libm.a(fp_inf.o)
                0x00000bcc                __fp_inf
 .text.avr-libc.fplib
                0x00000bd8        0x6 c:/program files (x86)/atmel/studio/7.0/toolchain/avr8/avr8-gnu-toolchain/bin/../lib/gcc/avr/5.4.0/../../../../avr/lib/avrxmega4\libm.a(fp_nan.o)
                0x00000bd8                __fp_nan
 .text.avr-libc.fplib
                0x00000bde       0x4e c:/program files (x86)/atmel/studio/7.0/toolchain/avr8/avr8-gnu-toolchain/bin/../lib/gcc/avr/5.4.0/../../../../avr/lib/avrxmega4\libm.a(fp_powser.o)
                0x00000bde                __fp_powser
 .text.avr-libc.fplib
                0x00000c2c        0xe c:/program files (x86)/atmel/studio/7.0/toolchain/avr8/avr8-gnu-toolchain/bin/../lib/gcc/avr/5.4.0/../../../../avr/lib/avrxmega4\libm.a(fp_pscA.o)
                0x00000c2c                __fp_pscA
 .text.avr-libc.fplib
                0x00000c3a        0xe c:/program files (x86)/atmel/studio/7.0/toolchain/avr8/avr8-gnu-toolchain/bin/../lib/gcc/avr/5.4.0/../../../../avr/lib/avrxmega4\libm.a(fp_pscB.o)
                0x00000c3a                __fp_pscB
 .text.avr-libc.fplib
                0x00000c48       0x56 c:/program files (x86)/atmel/studio/7.0/toolchain/avr8/avr8-gnu-toolchain/bin/../lib/gcc/avr/5.4.0/../../../../avr/lib/avrxmega4\libm.a(fp_rempio2.o)
                0x00000c4c                __fp_rempio2
 .text.avr-libc.fplib
                0x00000c9e       0x22 c:/program files (x86)/atmel/studio/7.0/toolchain/avr8/avr8-gnu-toolchain/bin/../lib/gcc/avr/5.4.0/../../../../avr/lib/avrxmega4\libm.a(fp_round.o)
                0x00000c9e                __fp_round
 .text.avr-libc.fplib
                0x00000cc0       0x28 c:/program files (x86)/atmel/studio/7.0/toolchain/avr8/avr8-gnu-toolchain/bin/../lib/gcc/avr/5.4.0/../../../../avr/lib/avrxmega4\libm.a(fp_sinus.o)
                0x00000cc0                __fp_sinus
 .text.avr-libc.fplib
                0x00000ce8       0x44 c:/program files (x86)/atmel/studio/7.0/toolchain/avr8/avr8-gnu-toolchain/bin/../lib/gcc/avr/5.4.0/../../../../avr/lib/avrxmega4\libm.a(fp_split3.o)
                0x00000ce8                __fp_split3
                0x00000cf8                __fp_splitA
 .text.avr-libc.fplib
                0x00000d2c        0xe c:/program files (x86)/atmel/studio/7.0/toolchain/avr8/avr8-gnu-toolchain/bin/../lib/gcc/avr/5.4.0/../../../../avr/lib/avrxmega4\libm.a(fp_zero.o)
                0x00000d2c                __fp_zero
                0x00000d2e                __fp_szero
 .text.avr-libc.fplib
                0x00000d3a        0xa c:/program files (x86)/atmel/studio/7.0/toolchain/avr8/avr8-gnu-toolchain/bin/../lib/gcc/avr/5.4.0/../../../../avr/lib/avrxmega4\libm.a(gesf2.o)
                0x00000d3a                __gesf2
                0x00000d3a                __gtsf2
 .text.avr-libc.fplib
                0x00000d44       0x10 c:/program files (x86)/atmel/studio/7.0/toolchain/avr8/avr8-gnu-toolchain/bin/../lib/gcc/avr/5.4.0/../../../../avr/lib/avrxmega4\libm.a(inverse.o)
                0x00000d44                inverse
 .text.avr-libc.fplib
                0x00000d54        0x8 c:/program files (x86)/atmel/studio/7.0/toolchain/avr8/avr8-gnu-toolchain/bin/../lib/gcc/avr/5.4.0/../../../../avr/lib/avrxmega4\libm.a(mulsf3.o)
                0x00000d54                __mulsf3
 .text.avr-libc.fplib
                0x00000d5c       0xd2 c:/program files (x86)/atmel/studio/7.0/toolchain/avr8/avr8-gnu-toolchain/bin/../lib/gcc/avr/5.4.0/../../../../avr/lib/avrxmega4\libm.a(mulsf3x.o)
                0x00000d7a                __mulsf3x
                0x00000d80                __mulsf3_pse
 .text.avr-libc.fplib
                0x00000e2e       0x48 c:/program files (x86)/atmel/studio/7.0/toolchain/avr8/avr8-gnu-toolchain/bin/../lib/gcc/avr/5.4.0/../../../../avr/lib/avrxmega4\libm.a(round.o)
                0x00000e2e                round
 .text.avr-libc.fplib
                0x00000e76       0x10 c:/program files (x86)/atmel/studio/7.0/toolchain/avr8/avr8-gnu-toolchain/bin/../lib/gcc/avr/5.4.0/../../../../avr/lib/avrxmega4\libm.a(sin.o)
                0x00000e76                sin
 .text.avr-libc.fplib
                0x00000e86       0x8c c:/program files (x86)/atmel/studio/7.0/toolchain/avr8/avr8-gnu-toolchain/bin/../lib/gcc/avr/5.4.0/../../../../avr/lib/avrxmega4\libm.a(sqrt.o)
                0x00000e92                sqrtf
                0x00000e92                sqrt
 .text.avr-libc.fplib
                0x00000f12        0x8 c:/program files (x86)/atmel/studio/7.0/toolchain/avr8/avr8-gnu-toolchain/bin/../lib/gcc/avr/5.4.0/../../../../avr/lib/avrxmega4\libm.a(square.o)
                0x00000f12                square
 .text.avr-libc.fplib
                0x00000f1a       0x36 c:/program files (x86)/atmel/studio/7.0/toolchain/avr8/avr8-gnu-toolchain/bin/../lib/gcc/avr/5.4.0/../../../../avr/lib/avrxmega4\libm.a(fp_mintl.o)
                0x00000f1a                __fp_mintl
 .text.avr-libc.fplib
                0x00000f50       0x1c c:/program files (x86)/atmel/studio/7.0/toolchain/avr8/avr8-gnu-toolchain/bin/../lib/gcc/avr/5.4.0/../../../../avr/lib/avrxmega4\libm.a(fp_mpack.o)
                0x00000f50                __fp_mpack
                0x00000f54                __fp_mpack_finite
 .text.avr-libc.fplib
                0x00000f6c        0xe c:/program files (x86)/atmel/studio/7.0/toolchain/avr8/avr8-gnu-toolchain/bin/../lib/gcc/avr/5.4.0/../../../../avr/lib/avrxmega4\libm.a(fp_norm2.o)
                0x00000f6c                __fp_norm2
 .text.avr-libc.fplib
                0x00000f7a       0x28 c:/program files (x86)/atmel/studio/7.0/toolchain/avr8/avr8-gnu-toolchain/bin/../lib/gcc/avr/5.4.0/../../../../avr/lib/avrxmega4\libm.a(fp_powsodd.o)
                0x00000f7a                __fp_powsodd
 .text.libgcc.div
                0x00000fa2       0x18 c:/program files (x86)/atmel/studio/7.0/toolchain/avr8/avr8-gnu-toolchain/bin/../lib/gcc/avr/5.4.0/avrxmega4\libgcc.a(_udivmodqi4.o)
                0x00000fa2                __udivmodqi4
                0x00000fba                . = ALIGN (0x2)
 *(.fini9)
 .fini9         0x00000fba        0x0 c:/program files (x86)/atmel/studio/7.0/toolchain/avr8/avr8-gnu-toolchain/bin/../lib/gcc/avr/5.4.0/avrxmega4\libgcc.a(_exit.o)
                0x00000fba                _exit
                0x00000fba                exit
 *(.fini9)
 *(.fini8)
 *(.fini8)
 *(.fini7)
 *(.fini7)
 *(.fini6)
 *(.fini6)
 *(.fini5)
 *(.fini5)
 *(.fini4)
 *(.fini4)
 *(.fini3)
 *(.fini3)
 *(.fini2)
 *(.fini2)
 *(.fini1)
 *(.fini1)
 *(.fini0)
 .fini0         0x00000fba        0x4 c:/program files (x86)/atmel/studio/7.0/toolchain/avr8/avr8-gnu-toolchain/bin/../lib/gcc/avr/5.4.0/avrxmega4\libgcc.a(_exit.o)
 *(.fini0)
                0x00000fbe                _etext = .

.data           0x00804000        0x0 load address 0x00000fbe
                [!provide]                PROVIDE (__data_start, .)
 *(.data)
 *(.data*)
 *(.gnu.linkonce.d*)
 *(.rodata)
 *(.rodata*)
 *(.gnu.linkonce.r*)
                0x00804000                . = ALIGN (0x2)
                0x00804000                _edata = .
                [!provide]                PROVIDE (__data_end, .)

.bss            0x00804000       0x46
                0x00804000                PROVIDE (__bss_start, .)
 *(.bss)
 *(.bss*)
 *(COMMON)
 COMMON         0x00804000       0x46 main.o
                0x00804000                D
                0x00804004                I2C_isFirstByte
                0x00804005                x
                0x00804009                n
                0x0080400a                A
                0x0080400e                I2C_data
                0x00804014                angles
                0x00804018                phi
                0x0080401c                slaveAddress
                0x0080401d                B
                0x00804021                r
                0x00804025                theta
                0x00804029                I2C_data_size
                0x0080402a                C
                0x0080402e                ADC_values
                0x00804036                y
                0x0080403a                R_vect
                0x00804040                I2C_byte_counter
                0x00804041                h
                0x00804045                cmd
                0x00804046                PROVIDE (__bss_end, .)
                0x00000fbe                __data_load_start = LOADADDR (.data)
                0x00000fbe                __data_load_end = (__data_load_start + SIZEOF (.data))

.noinit         0x00804046        0x0
                [!provide]                PROVIDE (__noinit_start, .)
 *(.noinit*)
                [!provide]                PROVIDE (__noinit_end, .)
                0x00804046                _end = .
                [!provide]                PROVIDE (__heap_start, .)

.eeprom         0x00810000        0x0
 *(.eeprom*)
                0x00810000                __eeprom_end = .

.fuse
 *(.fuse)
 *(.lfuse)
 *(.hfuse)
 *(.efuse)

.lock
 *(.lock*)

.signature
 *(.signature*)

.user_signatures
 *(.user_signatures*)

.stab
 *(.stab)

.stabstr
 *(.stabstr)

.stab.excl
 *(.stab.excl)

.stab.exclstr
 *(.stab.exclstr)

.stab.index
 *(.stab.index)

.stab.indexstr
 *(.stab.indexstr)

.comment        0x00000000       0x30
 *(.comment)
 .comment       0x00000000       0x30 main.o
                                 0x31 (size before relaxing)
 .comment       0x00000030       0x31 src/ADC.o
 .comment       0x00000030       0x31 src/I2C_slave.o
 .comment       0x00000030       0x31 src/sun_sensor.o

.note.gnu.avr.deviceinfo
                0x00000000       0x40
 .note.gnu.avr.deviceinfo
                0x00000000       0x40 C:/Program Files (x86)/Atmel/Studio/7.0/Packs/Atmel/AVR-Dx_DFP/1.6.76/gcc/dev/avr128db48/avrxmega4/crtavr128db48.o

.note.gnu.build-id
 *(.note.gnu.build-id)

.debug
 *(.debug)

.line
 *(.line)

.debug_srcinfo
 *(.debug_srcinfo)

.debug_sfnames
 *(.debug_sfnames)

.debug_aranges  0x00000000       0xc8
 *(.debug_aranges)
 .debug_aranges
                0x00000000       0x20 main.o
 .debug_aranges
                0x00000020       0x28 src/ADC.o
 .debug_aranges
                0x00000048       0x48 src/I2C_slave.o
 .debug_aranges
                0x00000090       0x38 src/sun_sensor.o

.debug_pubnames
 *(.debug_pubnames)

.debug_info     0x00000000     0x41fb
 *(.debug_info .gnu.linkonce.wi.*)
 .debug_info    0x00000000     0x2f42 C:/Program Files (x86)/Atmel/Studio/7.0/Packs/Atmel/AVR-Dx_DFP/1.6.76/gcc/dev/avr128db48/avrxmega4/crtavr128db48.o
 .debug_info    0x00002f42      0x51d main.o
 .debug_info    0x0000345f      0x42c src/ADC.o
 .debug_info    0x0000388b      0x550 src/I2C_slave.o
 .debug_info    0x00003ddb      0x420 src/sun_sensor.o

.debug_abbrev   0x00000000     0x31af
 *(.debug_abbrev)
 .debug_abbrev  0x00000000     0x2cc2 C:/Program Files (x86)/Atmel/Studio/7.0/Packs/Atmel/AVR-Dx_DFP/1.6.76/gcc/dev/avr128db48/avrxmega4/crtavr128db48.o
 .debug_abbrev  0x00002cc2      0x11d main.o
 .debug_abbrev  0x00002ddf      0x149 src/ADC.o
 .debug_abbrev  0x00002f28      0x176 src/I2C_slave.o
 .debug_abbrev  0x0000309e      0x111 src/sun_sensor.o

.debug_line     0x00000000      0x996
 *(.debug_line .debug_line.* .debug_line_end)
 .debug_line    0x00000000      0x205 C:/Program Files (x86)/Atmel/Studio/7.0/Packs/Atmel/AVR-Dx_DFP/1.6.76/gcc/dev/avr128db48/avrxmega4/crtavr128db48.o
 .debug_line    0x00000205      0x16a main.o
 .debug_line    0x0000036f      0x16d src/ADC.o
 .debug_line    0x000004dc      0x2bf src/I2C_slave.o
 .debug_line    0x0000079b      0x1fb src/sun_sensor.o

.debug_frame    0x00000000      0x208
 *(.debug_frame)
 .debug_frame   0x00000000       0x24 main.o
 .debug_frame   0x00000024       0x34 src/ADC.o
 .debug_frame   0x00000058       0xbc src/I2C_slave.o
 .debug_frame   0x00000114       0xf4 src/sun_sensor.o

.debug_str      0x00000000     0x1eef
 *(.debug_str)
 .debug_str     0x00000000     0x14f0 C:/Program Files (x86)/Atmel/Studio/7.0/Packs/Atmel/AVR-Dx_DFP/1.6.76/gcc/dev/avr128db48/avrxmega4/crtavr128db48.o
 .debug_str     0x000014f0      0x579 main.o
                                0x5ad (size before relaxing)
 .debug_str     0x00001a69      0x2f0 src/ADC.o
                                0x4a4 (size before relaxing)
 .debug_str     0x00001d59      0x172 src/I2C_slave.o
                                0x3a4 (size before relaxing)
 .debug_str     0x00001ecb       0x24 src/sun_sensor.o
                                0x273 (size before relaxing)

.debug_loc      0x00000000      0x386
 *(.debug_loc)
 .debug_loc     0x00000000       0x2d src/ADC.o
 .debug_loc     0x0000002d      0x17c src/I2C_slave.o
 .debug_loc     0x000001a9      0x1dd src/sun_sensor.o

.debug_macinfo
 *(.debug_macinfo)

.debug_weaknames
 *(.debug_weaknames)

.debug_funcnames
 *(.debug_funcnames)

.debug_typenames
 *(.debug_typenames)

.debug_varnames
 *(.debug_varnames)

.debug_pubtypes
 *(.debug_pubtypes)

.debug_ranges   0x00000000       0x88
 *(.debug_ranges)
 .debug_ranges  0x00000000       0x10 main.o
 .debug_ranges  0x00000010       0x18 src/ADC.o
 .debug_ranges  0x00000028       0x38 src/I2C_slave.o
 .debug_ranges  0x00000060       0x28 src/sun_sensor.o

.debug_macro
 *(.debug_macro)
OUTPUT(SunSensor_AVRDB_v0.5.elf elf32-avr)
LOAD linker stubs
